Archive member included because of file (symbol)

d:/programs/gnu tools arm embedded/4.9 2015q1/bin/../lib/gcc/arm-none-eabi/4.9.3/../../../../arm-none-eabi/lib/armv7-m\libg.a(lib_a-exit.o)
                              d:/programs/gnu tools arm embedded/4.9 2015q1/bin/../lib/gcc/arm-none-eabi/4.9.3/../../../../arm-none-eabi/lib/armv7-m/crt0.o (exit)
d:/programs/gnu tools arm embedded/4.9 2015q1/bin/../lib/gcc/arm-none-eabi/4.9.3/../../../../arm-none-eabi/lib/armv7-m\libg.a(lib_a-impure.o)
                              d:/programs/gnu tools arm embedded/4.9 2015q1/bin/../lib/gcc/arm-none-eabi/4.9.3/../../../../arm-none-eabi/lib/armv7-m\libg.a(lib_a-exit.o) (_global_impure_ptr)
d:/programs/gnu tools arm embedded/4.9 2015q1/bin/../lib/gcc/arm-none-eabi/4.9.3/../../../../arm-none-eabi/lib/armv7-m\libg.a(lib_a-init.o)
                              d:/programs/gnu tools arm embedded/4.9 2015q1/bin/../lib/gcc/arm-none-eabi/4.9.3/../../../../arm-none-eabi/lib/armv7-m/crt0.o (__libc_init_array)
d:/programs/gnu tools arm embedded/4.9 2015q1/bin/../lib/gcc/arm-none-eabi/4.9.3/../../../../arm-none-eabi/lib/armv7-m\libg.a(lib_a-memset.o)
                              d:/programs/gnu tools arm embedded/4.9 2015q1/bin/../lib/gcc/arm-none-eabi/4.9.3/../../../../arm-none-eabi/lib/armv7-m/crt0.o (memset)
d:/programs/gnu tools arm embedded/4.9 2015q1/bin/../lib/gcc/arm-none-eabi/4.9.3/../../../../arm-none-eabi/lib/armv7-m\libg.a(lib_a-__call_atexit.o)
                              d:/programs/gnu tools arm embedded/4.9 2015q1/bin/../lib/gcc/arm-none-eabi/4.9.3/../../../../arm-none-eabi/lib/armv7-m\libg.a(lib_a-exit.o) (__call_exitprocs)
d:/programs/gnu tools arm embedded/4.9 2015q1/bin/../lib/gcc/arm-none-eabi/4.9.3/../../../../arm-none-eabi/lib/armv7-m\libg.a(lib_a-atexit.o)
                              d:/programs/gnu tools arm embedded/4.9 2015q1/bin/../lib/gcc/arm-none-eabi/4.9.3/../../../../arm-none-eabi/lib/armv7-m\libg.a(lib_a-__call_atexit.o) (atexit)
d:/programs/gnu tools arm embedded/4.9 2015q1/bin/../lib/gcc/arm-none-eabi/4.9.3/../../../../arm-none-eabi/lib/armv7-m\libg.a(lib_a-fini.o)
                              d:/programs/gnu tools arm embedded/4.9 2015q1/bin/../lib/gcc/arm-none-eabi/4.9.3/../../../../arm-none-eabi/lib/armv7-m\libg.a(lib_a-__call_atexit.o) (__libc_fini_array)
d:/programs/gnu tools arm embedded/4.9 2015q1/bin/../lib/gcc/arm-none-eabi/4.9.3/../../../../arm-none-eabi/lib/armv7-m\libg.a(lib_a-__atexit.o)
                              d:/programs/gnu tools arm embedded/4.9 2015q1/bin/../lib/gcc/arm-none-eabi/4.9.3/../../../../arm-none-eabi/lib/armv7-m\libg.a(lib_a-atexit.o) (__register_exitproc)

Discarded input sections

 .text          0x00000000        0x0 d:/programs/gnu tools arm embedded/4.9 2015q1/bin/../lib/gcc/arm-none-eabi/4.9.3/armv7-m/crti.o
 .data          0x00000000        0x0 d:/programs/gnu tools arm embedded/4.9 2015q1/bin/../lib/gcc/arm-none-eabi/4.9.3/armv7-m/crti.o
 .bss           0x00000000        0x0 d:/programs/gnu tools arm embedded/4.9 2015q1/bin/../lib/gcc/arm-none-eabi/4.9.3/armv7-m/crti.o
 .data          0x00000000        0x4 d:/programs/gnu tools arm embedded/4.9 2015q1/bin/../lib/gcc/arm-none-eabi/4.9.3/armv7-m/crtbegin.o
 .text          0x00000000       0x74 d:/programs/gnu tools arm embedded/4.9 2015q1/bin/../lib/gcc/arm-none-eabi/4.9.3/../../../../arm-none-eabi/lib/armv7-m/crt0.o
 .data          0x00000000        0x0 d:/programs/gnu tools arm embedded/4.9 2015q1/bin/../lib/gcc/arm-none-eabi/4.9.3/../../../../arm-none-eabi/lib/armv7-m/crt0.o
 .bss           0x00000000        0x0 d:/programs/gnu tools arm embedded/4.9 2015q1/bin/../lib/gcc/arm-none-eabi/4.9.3/../../../../arm-none-eabi/lib/armv7-m/crt0.o
 .ARM.extab     0x00000000        0x0 d:/programs/gnu tools arm embedded/4.9 2015q1/bin/../lib/gcc/arm-none-eabi/4.9.3/../../../../arm-none-eabi/lib/armv7-m/crt0.o
 .ARM.exidx     0x00000000        0x8 d:/programs/gnu tools arm embedded/4.9 2015q1/bin/../lib/gcc/arm-none-eabi/4.9.3/../../../../arm-none-eabi/lib/armv7-m/crt0.o
 .ARM.attributes
                0x00000000       0x1b d:/programs/gnu tools arm embedded/4.9 2015q1/bin/../lib/gcc/arm-none-eabi/4.9.3/../../../../arm-none-eabi/lib/armv7-m/crt0.o
 .data          0x00000000        0x0 ..\obj\LED.o
 .bss           0x00000000        0x0 ..\obj\LED.o
 .data          0x00000000        0x0 ..\obj\NVIC.o
 .bss           0x00000000        0x0 ..\obj\NVIC.o
 .text          0x00000000      0x94c ..\obj\stm32f10x_fsmc.o
 .data          0x00000000        0x0 ..\obj\stm32f10x_fsmc.o
 .bss           0x00000000        0x0 ..\obj\stm32f10x_fsmc.o
 .debug_info    0x00000000      0x8f4 ..\obj\stm32f10x_fsmc.o
 .debug_abbrev  0x00000000      0x170 ..\obj\stm32f10x_fsmc.o
 .debug_aranges
                0x00000000       0x20 ..\obj\stm32f10x_fsmc.o
 .debug_line    0x00000000      0x340 ..\obj\stm32f10x_fsmc.o
 .debug_str     0x00000000      0x79c ..\obj\stm32f10x_fsmc.o
 .comment       0x00000000       0x71 ..\obj\stm32f10x_fsmc.o
 .debug_frame   0x00000000      0x300 ..\obj\stm32f10x_fsmc.o
 .ARM.attributes
                0x00000000       0x33 ..\obj\stm32f10x_fsmc.o
 .data          0x00000000        0x0 ..\obj\stm32f10x_gpio.o
 .bss           0x00000000        0x0 ..\obj\stm32f10x_gpio.o
 .bss           0x00000000        0x0 ..\obj\stm32f10x_rcc.o
 .text          0x00000000      0x404 ..\obj\stm32f10x_dma.o
 .data          0x00000000        0x0 ..\obj\stm32f10x_dma.o
 .bss           0x00000000        0x0 ..\obj\stm32f10x_dma.o
 .debug_info    0x00000000      0x473 ..\obj\stm32f10x_dma.o
 .debug_abbrev  0x00000000      0x155 ..\obj\stm32f10x_dma.o
 .debug_aranges
                0x00000000       0x20 ..\obj\stm32f10x_dma.o
 .debug_line    0x00000000      0x25c ..\obj\stm32f10x_dma.o
 .debug_str     0x00000000      0x3d9 ..\obj\stm32f10x_dma.o
 .comment       0x00000000       0x71 ..\obj\stm32f10x_dma.o
 .debug_frame   0x00000000      0x1c8 ..\obj\stm32f10x_dma.o
 .ARM.attributes
                0x00000000       0x33 ..\obj\stm32f10x_dma.o
 .text          0x00000000      0x514 ..\obj\stm32f10x_sdio.o
 .data          0x00000000        0x0 ..\obj\stm32f10x_sdio.o
 .bss           0x00000000        0x0 ..\obj\stm32f10x_sdio.o
 .debug_info    0x00000000      0x7ed ..\obj\stm32f10x_sdio.o
 .debug_abbrev  0x00000000      0x1af ..\obj\stm32f10x_sdio.o
 .debug_aranges
                0x00000000       0x20 ..\obj\stm32f10x_sdio.o
 .debug_line    0x00000000      0x29b ..\obj\stm32f10x_sdio.o
 .debug_str     0x00000000      0x652 ..\obj\stm32f10x_sdio.o
 .comment       0x00000000       0x71 ..\obj\stm32f10x_sdio.o
 .debug_frame   0x00000000      0x490 ..\obj\stm32f10x_sdio.o
 .ARM.attributes
                0x00000000       0x33 ..\obj\stm32f10x_sdio.o
 .data          0x00000000        0x0 ..\obj\misc.o
 .bss           0x00000000        0x0 ..\obj\misc.o
 .text          0x00000000      0x1ac ..\obj\stm32f10x_pwr.o
 .data          0x00000000        0x0 ..\obj\stm32f10x_pwr.o
 .bss           0x00000000        0x0 ..\obj\stm32f10x_pwr.o
 .debug_info    0x00000000      0x483 ..\obj\stm32f10x_pwr.o
 .debug_abbrev  0x00000000      0x18e ..\obj\stm32f10x_pwr.o
 .debug_aranges
                0x00000000       0x20 ..\obj\stm32f10x_pwr.o
 .debug_line    0x00000000      0x225 ..\obj\stm32f10x_pwr.o
 .debug_str     0x00000000      0x344 ..\obj\stm32f10x_pwr.o
 .comment       0x00000000       0x71 ..\obj\stm32f10x_pwr.o
 .debug_frame   0x00000000      0x164 ..\obj\stm32f10x_pwr.o
 .ARM.attributes
                0x00000000       0x33 ..\obj\stm32f10x_pwr.o
 .text          0x00000000      0x958 ..\obj\stm32f10x_i2c.o
 .data          0x00000000        0x0 ..\obj\stm32f10x_i2c.o
 .bss           0x00000000        0x0 ..\obj\stm32f10x_i2c.o
 .debug_info    0x00000000      0xb00 ..\obj\stm32f10x_i2c.o
 .debug_abbrev  0x00000000      0x164 ..\obj\stm32f10x_i2c.o
 .debug_aranges
                0x00000000       0x20 ..\obj\stm32f10x_i2c.o
 .debug_line    0x00000000      0x30a ..\obj\stm32f10x_i2c.o
 .debug_str     0x00000000      0x688 ..\obj\stm32f10x_i2c.o
 .comment       0x00000000       0x71 ..\obj\stm32f10x_i2c.o
 .debug_frame   0x00000000      0x530 ..\obj\stm32f10x_i2c.o
 .ARM.attributes
                0x00000000       0x33 ..\obj\stm32f10x_i2c.o
 .text          0x00000000       0x70 ..\obj\stm32f10x_dbgmcu.o
 .data          0x00000000        0x0 ..\obj\stm32f10x_dbgmcu.o
 .bss           0x00000000        0x0 ..\obj\stm32f10x_dbgmcu.o
 .debug_info    0x00000000      0x15e ..\obj\stm32f10x_dbgmcu.o
 .debug_abbrev  0x00000000       0xde ..\obj\stm32f10x_dbgmcu.o
 .debug_aranges
                0x00000000       0x20 ..\obj\stm32f10x_dbgmcu.o
 .debug_line    0x00000000      0x1cf ..\obj\stm32f10x_dbgmcu.o
 .debug_str     0x00000000      0x214 ..\obj\stm32f10x_dbgmcu.o
 .comment       0x00000000       0x71 ..\obj\stm32f10x_dbgmcu.o
 .debug_frame   0x00000000       0x78 ..\obj\stm32f10x_dbgmcu.o
 .ARM.attributes
                0x00000000       0x33 ..\obj\stm32f10x_dbgmcu.o
 .text          0x00000000       0x14 ..\obj\startup_stm32f10x_md.o
 .data          0x00000000        0x0 ..\obj\startup_stm32f10x_md.o
 .bss           0x00000000        0x0 ..\obj\startup_stm32f10x_md.o
 .text          0x00000000      0x290 ..\obj\stm32f10x_cec.o
 .data          0x00000000        0x0 ..\obj\stm32f10x_cec.o
 .bss           0x00000000        0x0 ..\obj\stm32f10x_cec.o
 .debug_info    0x00000000      0x41d ..\obj\stm32f10x_cec.o
 .debug_abbrev  0x00000000      0x1ae ..\obj\stm32f10x_cec.o
 .debug_aranges
                0x00000000       0x20 ..\obj\stm32f10x_cec.o
 .debug_line    0x00000000      0x239 ..\obj\stm32f10x_cec.o
 .debug_str     0x00000000      0x398 ..\obj\stm32f10x_cec.o
 .comment       0x00000000       0x71 ..\obj\stm32f10x_cec.o
 .debug_frame   0x00000000      0x224 ..\obj\stm32f10x_cec.o
 .ARM.attributes
                0x00000000       0x33 ..\obj\stm32f10x_cec.o
 .bss           0x00000000        0x0 ..\obj\system_stm32f10x.o
 .data          0x00000000        0x0 ..\obj\USART.o
 .bss           0x00000000        0x0 ..\obj\USART.o
 .text          0x00000000      0x1c0 ..\obj\stm32f10x_bkp.o
 .data          0x00000000        0x0 ..\obj\stm32f10x_bkp.o
 .bss           0x00000000        0x0 ..\obj\stm32f10x_bkp.o
 .debug_info    0x00000000      0x79e ..\obj\stm32f10x_bkp.o
 .debug_abbrev  0x00000000      0x172 ..\obj\stm32f10x_bkp.o
 .debug_aranges
                0x00000000       0x20 ..\obj\stm32f10x_bkp.o
 .debug_line    0x00000000      0x200 ..\obj\stm32f10x_bkp.o
 .debug_str     0x00000000      0x5d7 ..\obj\stm32f10x_bkp.o
 .comment       0x00000000       0x71 ..\obj\stm32f10x_bkp.o
 .debug_frame   0x00000000      0x1c4 ..\obj\stm32f10x_bkp.o
 .ARM.attributes
                0x00000000       0x33 ..\obj\stm32f10x_bkp.o
 .text          0x00000000      0xfa8 ..\obj\stm32f10x_can.o
 .data          0x00000000        0x0 ..\obj\stm32f10x_can.o
 .bss           0x00000000        0x0 ..\obj\stm32f10x_can.o
 .debug_info    0x00000000      0xb9c ..\obj\stm32f10x_can.o
 .debug_abbrev  0x00000000      0x1f3 ..\obj\stm32f10x_can.o
 .debug_aranges
                0x00000000       0x20 ..\obj\stm32f10x_can.o
 .debug_line    0x00000000      0x3f5 ..\obj\stm32f10x_can.o
 .debug_str     0x00000000      0x750 ..\obj\stm32f10x_can.o
 .comment       0x00000000       0x71 ..\obj\stm32f10x_can.o
 .debug_frame   0x00000000      0x3f0 ..\obj\stm32f10x_can.o
 .ARM.attributes
                0x00000000       0x33 ..\obj\stm32f10x_can.o
 .text          0x00000000      0x96c ..\obj\stm32f10x_flash.o
 .data          0x00000000        0x0 ..\obj\stm32f10x_flash.o
 .bss           0x00000000        0x0 ..\obj\stm32f10x_flash.o
 .debug_info    0x00000000      0x7b3 ..\obj\stm32f10x_flash.o
 .debug_abbrev  0x00000000      0x162 ..\obj\stm32f10x_flash.o
 .debug_aranges
                0x00000000       0x20 ..\obj\stm32f10x_flash.o
 .debug_line    0x00000000      0x34c ..\obj\stm32f10x_flash.o
 .debug_str     0x00000000      0x60a ..\obj\stm32f10x_flash.o
 .comment       0x00000000       0x71 ..\obj\stm32f10x_flash.o
 .debug_frame   0x00000000      0x410 ..\obj\stm32f10x_flash.o
 .ARM.attributes
                0x00000000       0x33 ..\obj\stm32f10x_flash.o
 .text          0x00000000      0x108 ..\obj\syscalls.o
 .data          0x00000000        0x0 ..\obj\syscalls.o
 .bss           0x00000000        0x4 ..\obj\syscalls.o
 .debug_info    0x00000000      0x3ee ..\obj\syscalls.o
 .debug_abbrev  0x00000000       0xe2 ..\obj\syscalls.o
 .debug_aranges
                0x00000000       0x20 ..\obj\syscalls.o
 .debug_line    0x00000000      0x11d ..\obj\syscalls.o
 .debug_str     0x00000000      0x2e6 ..\obj\syscalls.o
 .comment       0x00000000       0x71 ..\obj\syscalls.o
 .debug_frame   0x00000000      0x168 ..\obj\syscalls.o
 .ARM.attributes
                0x00000000       0x33 ..\obj\syscalls.o
 .text          0x00000000      0x6f4 ..\obj\stm32f10x_spi.o
 .data          0x00000000        0x0 ..\obj\stm32f10x_spi.o
 .bss           0x00000000        0x0 ..\obj\stm32f10x_spi.o
 .debug_info    0x00000000      0x8f3 ..\obj\stm32f10x_spi.o
 .debug_abbrev  0x00000000      0x17e ..\obj\stm32f10x_spi.o
 .debug_aranges
                0x00000000       0x20 ..\obj\stm32f10x_spi.o
 .debug_line    0x00000000      0x2d4 ..\obj\stm32f10x_spi.o
 .debug_str     0x00000000      0x61f ..\obj\stm32f10x_spi.o
 .comment       0x00000000       0x71 ..\obj\stm32f10x_spi.o
 .debug_frame   0x00000000      0x3a0 ..\obj\stm32f10x_spi.o
 .ARM.attributes
                0x00000000       0x33 ..\obj\stm32f10x_spi.o
 .text          0x00000000       0xc8 ..\obj\stm32f10x_iwdg.o
 .data          0x00000000        0x0 ..\obj\stm32f10x_iwdg.o
 .bss           0x00000000        0x0 ..\obj\stm32f10x_iwdg.o
 .debug_info    0x00000000      0x20a ..\obj\stm32f10x_iwdg.o
 .debug_abbrev  0x00000000      0x101 ..\obj\stm32f10x_iwdg.o
 .debug_aranges
                0x00000000       0x20 ..\obj\stm32f10x_iwdg.o
 .debug_line    0x00000000      0x1de ..\obj\stm32f10x_iwdg.o
 .debug_str     0x00000000      0x27e ..\obj\stm32f10x_iwdg.o
 .comment       0x00000000       0x71 ..\obj\stm32f10x_iwdg.o
 .debug_frame   0x00000000       0xf0 ..\obj\stm32f10x_iwdg.o
 .ARM.attributes
                0x00000000       0x33 ..\obj\stm32f10x_iwdg.o
 .text          0x00000000      0x118 ..\obj\stm32f10x_wwdg.o
 .data          0x00000000        0x0 ..\obj\stm32f10x_wwdg.o
 .bss           0x00000000        0x0 ..\obj\stm32f10x_wwdg.o
 .debug_info    0x00000000      0x22e ..\obj\stm32f10x_wwdg.o
 .debug_abbrev  0x00000000      0x117 ..\obj\stm32f10x_wwdg.o
 .debug_aranges
                0x00000000       0x20 ..\obj\stm32f10x_wwdg.o
 .debug_line    0x00000000      0x1e7 ..\obj\stm32f10x_wwdg.o
 .debug_str     0x00000000      0x27f ..\obj\stm32f10x_wwdg.o
 .comment       0x00000000       0x71 ..\obj\stm32f10x_wwdg.o
 .debug_frame   0x00000000      0x12c ..\obj\stm32f10x_wwdg.o
 .ARM.attributes
                0x00000000       0x33 ..\obj\stm32f10x_wwdg.o
 .data          0x00000000        0x0 ..\obj\motor.o
 .data          0x00000000        0x0 ..\obj\stm32f10x_tim.o
 .bss           0x00000000        0x0 ..\obj\stm32f10x_tim.o
 .data          0x00000000        0x0 ..\obj\APBClocks.o
 .bss           0x00000000        0x0 ..\obj\APBClocks.o
 .text          0x00000000      0x2ac ..\obj\stm32f10x_rtc.o
 .data          0x00000000        0x0 ..\obj\stm32f10x_rtc.o
 .bss           0x00000000        0x0 ..\obj\stm32f10x_rtc.o
 .debug_info    0x00000000      0x437 ..\obj\stm32f10x_rtc.o
 .debug_abbrev  0x00000000      0x17e ..\obj\stm32f10x_rtc.o
 .debug_aranges
                0x00000000       0x20 ..\obj\stm32f10x_rtc.o
 .debug_line    0x00000000      0x224 ..\obj\stm32f10x_rtc.o
 .debug_str     0x00000000      0x3c4 ..\obj\stm32f10x_rtc.o
 .comment       0x00000000       0x71 ..\obj\stm32f10x_rtc.o
 .debug_frame   0x00000000      0x214 ..\obj\stm32f10x_rtc.o
 .ARM.attributes
                0x00000000       0x33 ..\obj\stm32f10x_rtc.o
 .data          0x00000000        0x0 ..\obj\stm32f10x_usart.o
 .bss           0x00000000        0x0 ..\obj\stm32f10x_usart.o
 .text          0x00000000       0xd0 ..\obj\stm32f10x_crc.o
 .data          0x00000000        0x0 ..\obj\stm32f10x_crc.o
 .bss           0x00000000        0x0 ..\obj\stm32f10x_crc.o
 .debug_info    0x00000000      0x208 ..\obj\stm32f10x_crc.o
 .debug_abbrev  0x00000000      0x114 ..\obj\stm32f10x_crc.o
 .debug_aranges
                0x00000000       0x20 ..\obj\stm32f10x_crc.o
 .debug_line    0x00000000      0x1e7 ..\obj\stm32f10x_crc.o
 .debug_str     0x00000000      0x25d ..\obj\stm32f10x_crc.o
 .comment       0x00000000       0x71 ..\obj\stm32f10x_crc.o
 .debug_frame   0x00000000       0xe8 ..\obj\stm32f10x_crc.o
 .ARM.attributes
                0x00000000       0x33 ..\obj\stm32f10x_crc.o
 .text          0x00000000      0xa3c ..\obj\stm32f10x_adc.o
 .data          0x00000000        0x0 ..\obj\stm32f10x_adc.o
 .bss           0x00000000        0x0 ..\obj\stm32f10x_adc.o
 .debug_info    0x00000000      0xb74 ..\obj\stm32f10x_adc.o
 .debug_abbrev  0x00000000      0x198 ..\obj\stm32f10x_adc.o
 .debug_aranges
                0x00000000       0x20 ..\obj\stm32f10x_adc.o
 .debug_line    0x00000000      0x321 ..\obj\stm32f10x_adc.o
 .debug_str     0x00000000      0x71d ..\obj\stm32f10x_adc.o
 .comment       0x00000000       0x71 ..\obj\stm32f10x_adc.o
 .debug_frame   0x00000000      0x5a4 ..\obj\stm32f10x_adc.o
 .ARM.attributes
                0x00000000       0x33 ..\obj\stm32f10x_adc.o
 .data          0x00000000        0x0 ..\obj\SysTick.o
 .bss           0x00000000        0x0 ..\obj\SysTick.o
 .text          0x00000000      0x21c ..\obj\stm32f10x_exti.o
 .data          0x00000000        0x0 ..\obj\stm32f10x_exti.o
 .bss           0x00000000        0x0 ..\obj\stm32f10x_exti.o
 .debug_info    0x00000000      0x343 ..\obj\stm32f10x_exti.o
 .debug_abbrev  0x00000000      0x17a ..\obj\stm32f10x_exti.o
 .debug_aranges
                0x00000000       0x20 ..\obj\stm32f10x_exti.o
 .debug_line    0x00000000      0x222 ..\obj\stm32f10x_exti.o
 .debug_str     0x00000000      0x36b ..\obj\stm32f10x_exti.o
 .comment       0x00000000       0x71 ..\obj\stm32f10x_exti.o
 .debug_frame   0x00000000      0x148 ..\obj\stm32f10x_exti.o
 .ARM.attributes
                0x00000000       0x33 ..\obj\stm32f10x_exti.o
 .text          0x00000000      0x304 ..\obj\stm32f10x_dac.o
 .data          0x00000000        0x0 ..\obj\stm32f10x_dac.o
 .bss           0x00000000        0x0 ..\obj\stm32f10x_dac.o
 .debug_info    0x00000000      0x4b0 ..\obj\stm32f10x_dac.o
 .debug_abbrev  0x00000000      0x173 ..\obj\stm32f10x_dac.o
 .debug_aranges
                0x00000000       0x20 ..\obj\stm32f10x_dac.o
 .debug_line    0x00000000      0x232 ..\obj\stm32f10x_dac.o
 .debug_str     0x00000000      0x3d1 ..\obj\stm32f10x_dac.o
 .comment       0x00000000       0x71 ..\obj\stm32f10x_dac.o
 .debug_frame   0x00000000      0x1e4 ..\obj\stm32f10x_dac.o
 .ARM.attributes
                0x00000000       0x33 ..\obj\stm32f10x_dac.o
 .data          0x00000000        0x0 ..\obj\main.o
 .bss           0x00000000        0x0 ..\obj\main.o
 .text          0x00000000        0x0 d:/programs/gnu tools arm embedded/4.9 2015q1/bin/../lib/gcc/arm-none-eabi/4.9.3/../../../../arm-none-eabi/lib/armv7-m\libg.a(lib_a-exit.o)
 .data          0x00000000        0x0 d:/programs/gnu tools arm embedded/4.9 2015q1/bin/../lib/gcc/arm-none-eabi/4.9.3/../../../../arm-none-eabi/lib/armv7-m\libg.a(lib_a-exit.o)
 .bss           0x00000000        0x0 d:/programs/gnu tools arm embedded/4.9 2015q1/bin/../lib/gcc/arm-none-eabi/4.9.3/../../../../arm-none-eabi/lib/armv7-m\libg.a(lib_a-exit.o)
 .text.exit     0x00000000       0x20 d:/programs/gnu tools arm embedded/4.9 2015q1/bin/../lib/gcc/arm-none-eabi/4.9.3/../../../../arm-none-eabi/lib/armv7-m\libg.a(lib_a-exit.o)
 .debug_frame   0x00000000       0x28 d:/programs/gnu tools arm embedded/4.9 2015q1/bin/../lib/gcc/arm-none-eabi/4.9.3/../../../../arm-none-eabi/lib/armv7-m\libg.a(lib_a-exit.o)
 .ARM.attributes
                0x00000000       0x2d d:/programs/gnu tools arm embedded/4.9 2015q1/bin/../lib/gcc/arm-none-eabi/4.9.3/../../../../arm-none-eabi/lib/armv7-m\libg.a(lib_a-exit.o)
 .text          0x00000000        0x0 d:/programs/gnu tools arm embedded/4.9 2015q1/bin/../lib/gcc/arm-none-eabi/4.9.3/../../../../arm-none-eabi/lib/armv7-m\libg.a(lib_a-impure.o)
 .data          0x00000000        0x0 d:/programs/gnu tools arm embedded/4.9 2015q1/bin/../lib/gcc/arm-none-eabi/4.9.3/../../../../arm-none-eabi/lib/armv7-m\libg.a(lib_a-impure.o)
 .bss           0x00000000        0x0 d:/programs/gnu tools arm embedded/4.9 2015q1/bin/../lib/gcc/arm-none-eabi/4.9.3/../../../../arm-none-eabi/lib/armv7-m\libg.a(lib_a-impure.o)
 .data._impure_ptr
                0x00000000        0x4 d:/programs/gnu tools arm embedded/4.9 2015q1/bin/../lib/gcc/arm-none-eabi/4.9.3/../../../../arm-none-eabi/lib/armv7-m\libg.a(lib_a-impure.o)
 .text          0x00000000        0x0 d:/programs/gnu tools arm embedded/4.9 2015q1/bin/../lib/gcc/arm-none-eabi/4.9.3/../../../../arm-none-eabi/lib/armv7-m\libg.a(lib_a-init.o)
 .data          0x00000000        0x0 d:/programs/gnu tools arm embedded/4.9 2015q1/bin/../lib/gcc/arm-none-eabi/4.9.3/../../../../arm-none-eabi/lib/armv7-m\libg.a(lib_a-init.o)
 .bss           0x00000000        0x0 d:/programs/gnu tools arm embedded/4.9 2015q1/bin/../lib/gcc/arm-none-eabi/4.9.3/../../../../arm-none-eabi/lib/armv7-m\libg.a(lib_a-init.o)
 .text.__libc_init_array
                0x00000000       0x50 d:/programs/gnu tools arm embedded/4.9 2015q1/bin/../lib/gcc/arm-none-eabi/4.9.3/../../../../arm-none-eabi/lib/armv7-m\libg.a(lib_a-init.o)
 .debug_frame   0x00000000       0x2c d:/programs/gnu tools arm embedded/4.9 2015q1/bin/../lib/gcc/arm-none-eabi/4.9.3/../../../../arm-none-eabi/lib/armv7-m\libg.a(lib_a-init.o)
 .ARM.attributes
                0x00000000       0x2d d:/programs/gnu tools arm embedded/4.9 2015q1/bin/../lib/gcc/arm-none-eabi/4.9.3/../../../../arm-none-eabi/lib/armv7-m\libg.a(lib_a-init.o)
 .text          0x00000000        0x0 d:/programs/gnu tools arm embedded/4.9 2015q1/bin/../lib/gcc/arm-none-eabi/4.9.3/../../../../arm-none-eabi/lib/armv7-m\libg.a(lib_a-memset.o)
 .data          0x00000000        0x0 d:/programs/gnu tools arm embedded/4.9 2015q1/bin/../lib/gcc/arm-none-eabi/4.9.3/../../../../arm-none-eabi/lib/armv7-m\libg.a(lib_a-memset.o)
 .bss           0x00000000        0x0 d:/programs/gnu tools arm embedded/4.9 2015q1/bin/../lib/gcc/arm-none-eabi/4.9.3/../../../../arm-none-eabi/lib/armv7-m\libg.a(lib_a-memset.o)
 .text.memset   0x00000000       0x9c d:/programs/gnu tools arm embedded/4.9 2015q1/bin/../lib/gcc/arm-none-eabi/4.9.3/../../../../arm-none-eabi/lib/armv7-m\libg.a(lib_a-memset.o)
 .debug_frame   0x00000000       0x34 d:/programs/gnu tools arm embedded/4.9 2015q1/bin/../lib/gcc/arm-none-eabi/4.9.3/../../../../arm-none-eabi/lib/armv7-m\libg.a(lib_a-memset.o)
 .ARM.attributes
                0x00000000       0x2d d:/programs/gnu tools arm embedded/4.9 2015q1/bin/../lib/gcc/arm-none-eabi/4.9.3/../../../../arm-none-eabi/lib/armv7-m\libg.a(lib_a-memset.o)
 .text          0x00000000        0x0 d:/programs/gnu tools arm embedded/4.9 2015q1/bin/../lib/gcc/arm-none-eabi/4.9.3/../../../../arm-none-eabi/lib/armv7-m\libg.a(lib_a-__call_atexit.o)
 .data          0x00000000        0x0 d:/programs/gnu tools arm embedded/4.9 2015q1/bin/../lib/gcc/arm-none-eabi/4.9.3/../../../../arm-none-eabi/lib/armv7-m\libg.a(lib_a-__call_atexit.o)
 .bss           0x00000000        0x0 d:/programs/gnu tools arm embedded/4.9 2015q1/bin/../lib/gcc/arm-none-eabi/4.9.3/../../../../arm-none-eabi/lib/armv7-m\libg.a(lib_a-__call_atexit.o)
 .text.__call_exitprocs
                0x00000000       0xd4 d:/programs/gnu tools arm embedded/4.9 2015q1/bin/../lib/gcc/arm-none-eabi/4.9.3/../../../../arm-none-eabi/lib/armv7-m\libg.a(lib_a-__call_atexit.o)
 .text          0x00000000        0x0 d:/programs/gnu tools arm embedded/4.9 2015q1/bin/../lib/gcc/arm-none-eabi/4.9.3/../../../../arm-none-eabi/lib/armv7-m\libg.a(lib_a-atexit.o)
 .data          0x00000000        0x0 d:/programs/gnu tools arm embedded/4.9 2015q1/bin/../lib/gcc/arm-none-eabi/4.9.3/../../../../arm-none-eabi/lib/armv7-m\libg.a(lib_a-atexit.o)
 .bss           0x00000000        0x0 d:/programs/gnu tools arm embedded/4.9 2015q1/bin/../lib/gcc/arm-none-eabi/4.9.3/../../../../arm-none-eabi/lib/armv7-m\libg.a(lib_a-atexit.o)
 .text          0x00000000        0x0 d:/programs/gnu tools arm embedded/4.9 2015q1/bin/../lib/gcc/arm-none-eabi/4.9.3/../../../../arm-none-eabi/lib/armv7-m\libg.a(lib_a-fini.o)
 .data          0x00000000        0x0 d:/programs/gnu tools arm embedded/4.9 2015q1/bin/../lib/gcc/arm-none-eabi/4.9.3/../../../../arm-none-eabi/lib/armv7-m\libg.a(lib_a-fini.o)
 .bss           0x00000000        0x0 d:/programs/gnu tools arm embedded/4.9 2015q1/bin/../lib/gcc/arm-none-eabi/4.9.3/../../../../arm-none-eabi/lib/armv7-m\libg.a(lib_a-fini.o)
 .text          0x00000000        0x0 d:/programs/gnu tools arm embedded/4.9 2015q1/bin/../lib/gcc/arm-none-eabi/4.9.3/../../../../arm-none-eabi/lib/armv7-m\libg.a(lib_a-__atexit.o)
 .data          0x00000000        0x0 d:/programs/gnu tools arm embedded/4.9 2015q1/bin/../lib/gcc/arm-none-eabi/4.9.3/../../../../arm-none-eabi/lib/armv7-m\libg.a(lib_a-__atexit.o)
 .bss           0x00000000        0x0 d:/programs/gnu tools arm embedded/4.9 2015q1/bin/../lib/gcc/arm-none-eabi/4.9.3/../../../../arm-none-eabi/lib/armv7-m\libg.a(lib_a-__atexit.o)
 .text          0x00000000        0x0 d:/programs/gnu tools arm embedded/4.9 2015q1/bin/../lib/gcc/arm-none-eabi/4.9.3/armv7-m/crtend.o
 .data          0x00000000        0x0 d:/programs/gnu tools arm embedded/4.9 2015q1/bin/../lib/gcc/arm-none-eabi/4.9.3/armv7-m/crtend.o
 .bss           0x00000000        0x0 d:/programs/gnu tools arm embedded/4.9 2015q1/bin/../lib/gcc/arm-none-eabi/4.9.3/armv7-m/crtend.o
 .eh_frame      0x00000000        0x4 d:/programs/gnu tools arm embedded/4.9 2015q1/bin/../lib/gcc/arm-none-eabi/4.9.3/armv7-m/crtend.o
 .text          0x00000000        0x0 d:/programs/gnu tools arm embedded/4.9 2015q1/bin/../lib/gcc/arm-none-eabi/4.9.3/armv7-m/crtn.o
 .data          0x00000000        0x0 d:/programs/gnu tools arm embedded/4.9 2015q1/bin/../lib/gcc/arm-none-eabi/4.9.3/armv7-m/crtn.o
 .bss           0x00000000        0x0 d:/programs/gnu tools arm embedded/4.9 2015q1/bin/../lib/gcc/arm-none-eabi/4.9.3/armv7-m/crtn.o

Memory Configuration

Name             Origin             Length             Attributes
rom              0x08000000         0x00020000         xr
ram              0x20000000         0x00005000         xrw
*default*        0x00000000         0xffffffff

Linker script and memory map

LOAD d:/programs/gnu tools arm embedded/4.9 2015q1/bin/../lib/gcc/arm-none-eabi/4.9.3/armv7-m/crti.o
LOAD d:/programs/gnu tools arm embedded/4.9 2015q1/bin/../lib/gcc/arm-none-eabi/4.9.3/armv7-m/crtbegin.o
LOAD d:/programs/gnu tools arm embedded/4.9 2015q1/bin/../lib/gcc/arm-none-eabi/4.9.3/../../../../arm-none-eabi/lib/armv7-m/crt0.o
                0x20005000                _eram = 0x20005000

.text           0x08000000     0x4224
 *(.isr_vector)
 .isr_vector    0x08000000      0x10c ..\obj\startup_stm32f10x_md.o
                0x08000000                g_pfnVectors
 *(.text*)
 .text          0x0800010c       0x5c d:/programs/gnu tools arm embedded/4.9 2015q1/bin/../lib/gcc/arm-none-eabi/4.9.3/armv7-m/crtbegin.o
 .text          0x08000168       0xa4 ..\obj\LED.o
                0x08000168                initializeLEDGPIO
 .text          0x0800020c       0x44 ..\obj\NVIC.o
                0x0800020c                initializeNVIC
 .text          0x08000250      0x5f8 ..\obj\stm32f10x_gpio.o
                0x08000250                GPIO_DeInit
                0x08000334                GPIO_AFIODeInit
                0x0800034c                GPIO_Init
                0x080004cc                GPIO_StructInit
                0x080004f4                GPIO_ReadInputDataBit
                0x08000528                GPIO_ReadInputData
                0x08000544                GPIO_ReadOutputDataBit
                0x08000578                GPIO_ReadOutputData
                0x08000594                GPIO_SetBits
                0x080005b0                GPIO_ResetBits
                0x080005cc                GPIO_WriteBit
                0x080005fc                GPIO_Write
                0x08000618                GPIO_PinLockConfig
                0x0800065c                GPIO_EventOutputConfig
                0x080006a8                GPIO_EventOutputCmd
                0x080006c8                GPIO_PinRemapConfig
                0x080007a8                GPIO_EXTILineConfig
                0x0800082c                GPIO_ETH_MediaInterfaceConfig
 .text          0x08000848      0x7e0 ..\obj\stm32f10x_rcc.o
                0x08000848                RCC_DeInit
                0x080008a4                RCC_HSEConfig
                0x08000900                RCC_WaitForHSEStartUp
                0x08000950                RCC_AdjustHSICalibrationValue
                0x0800098c                RCC_HSICmd
                0x080009ac                RCC_PLLConfig
                0x080009e8                RCC_PLLCmd
                0x08000a08                RCC_SYSCLKConfig
                0x08000a40                RCC_GetSYSCLKSource
                0x08000a60                RCC_HCLKConfig
                0x08000a98                RCC_PCLK1Config
                0x08000ad0                RCC_PCLK2Config
                0x08000b08                RCC_ITConfig
                0x08000b54                RCC_USBCLKConfig
                0x08000b70                RCC_ADCCLKConfig
                0x08000ba8                RCC_LSEConfig
                0x08000be8                RCC_LSICmd
                0x08000c08                RCC_RTCCLKConfig
                0x08000c2c                RCC_RTCCLKCmd
                0x08000c4c                RCC_GetClocksFreq
                0x08000db4                RCC_AHBPeriphClockCmd
                0x08000df0                RCC_APB2PeriphClockCmd
                0x08000e2c                RCC_APB1PeriphClockCmd
                0x08000e68                RCC_APB2PeriphResetCmd
                0x08000ea4                RCC_APB1PeriphResetCmd
                0x08000ee0                RCC_BackupResetCmd
                0x08000f00                RCC_ClockSecuritySystemCmd
                0x08000f20                RCC_MCOConfig
                0x08000f40                RCC_GetFlagStatus
                0x08000fb4                RCC_ClearFlag
                0x08000fd0                RCC_GetITStatus
                0x08001008                RCC_ClearITPendingBit
 .text          0x08001028      0x18c ..\obj\misc.o
                0x08001028                NVIC_PriorityGroupConfig
                0x0800104c                NVIC_Init
                0x08001110                NVIC_SetVectorTable
                0x0800113c                NVIC_SystemLPConfig
                0x0800117c                SysTick_CLKSourceConfig
 .text.Reset_Handler
                0x080011b4       0x44 ..\obj\startup_stm32f10x_md.o
                0x080011b4                Reset_Handler
 .text.Default_Handler
                0x080011f8        0x2 ..\obj\startup_stm32f10x_md.o
                0x080011f8                EXTI2_IRQHandler
                0x080011f8                DebugMon_Handler
                0x080011f8                TIM1_CC_IRQHandler
                0x080011f8                HardFault_Handler
                0x080011f8                PVD_IRQHandler
                0x080011f8                PendSV_Handler
                0x080011f8                NMI_Handler
                0x080011f8                EXTI3_IRQHandler
                0x080011f8                EXTI0_IRQHandler
                0x080011f8                I2C2_EV_IRQHandler
                0x080011f8                UsageFault_Handler
                0x080011f8                ADC1_2_IRQHandler
                0x080011f8                SPI1_IRQHandler
                0x080011f8                TAMPER_IRQHandler
                0x080011f8                DMA1_Channel4_IRQHandler
                0x080011f8                USART3_IRQHandler
                0x080011f8                RTC_IRQHandler
                0x080011f8                DMA1_Channel7_IRQHandler
                0x080011f8                CAN1_RX1_IRQHandler
                0x080011f8                TIM4_IRQHandler
                0x080011f8                I2C1_EV_IRQHandler
                0x080011f8                DMA1_Channel6_IRQHandler
                0x080011f8                TIM3_IRQHandler
                0x080011f8                RCC_IRQHandler
                0x080011f8                TIM1_TRG_COM_IRQHandler
                0x080011f8                DMA1_Channel1_IRQHandler
                0x080011f8                Default_Handler
                0x080011f8                EXTI15_10_IRQHandler
                0x080011f8                EXTI9_5_IRQHandler
                0x080011f8                SPI2_IRQHandler
                0x080011f8                MemManage_Handler
                0x080011f8                SVC_Handler
                0x080011f8                DMA1_Channel5_IRQHandler
                0x080011f8                EXTI4_IRQHandler
                0x080011f8                USB_LP_CAN1_RX0_IRQHandler
                0x080011f8                USB_HP_CAN1_TX_IRQHandler
                0x080011f8                DMA1_Channel3_IRQHandler
                0x080011f8                TIM1_UP_IRQHandler
                0x080011f8                WWDG_IRQHandler
                0x080011f8                TIM1_BRK_IRQHandler
                0x080011f8                EXTI1_IRQHandler
                0x080011f8                RTCAlarm_IRQHandler
                0x080011f8                I2C2_ER_IRQHandler
                0x080011f8                DMA1_Channel2_IRQHandler
                0x080011f8                CAN1_SCE_IRQHandler
                0x080011f8                FLASH_IRQHandler
                0x080011f8                BusFault_Handler
                0x080011f8                I2C1_ER_IRQHandler
                0x080011f8                USBWakeUp_IRQHandler
 *fill*         0x080011fa        0x2 
 .text          0x080011fc      0x254 ..\obj\system_stm32f10x.o
                0x080011fc                SystemInit
                0x08001264                SystemCoreClockUpdate
 .text          0x08001450      0x2c8 ..\obj\USART.o
                0x08001480                initializeUSART
                0x08001554                sendLineFeed
                0x0800157c                USARTInterrupt
                0x080016f8                USART1_IRQHandler
                0x08001708                USART2_IRQHandler
 .text          0x08001718      0x1a0 ..\obj\motor.o
                0x08001718                initializePWMTimer
                0x080017d8                TIM2_IRQHandler
 .text          0x080018b8     0x1e10 ..\obj\stm32f10x_tim.o
                0x080018b8                TIM_DeInit
                0x08001ae4                TIM_TimeBaseInit
                0x08001bdc                TIM_OC1Init
                0x08001cf4                TIM_OC2Init
                0x08001e04                TIM_OC3Init
                0x08001f10                TIM_OC4Init
                0x08001fe0                TIM_ICInit
                0x08002088                TIM_PWMIConfig
                0x08002140                TIM_BDTRConfig
                0x08002190                TIM_TimeBaseStructInit
                0x080021c4                TIM_OCStructInit
                0x08002208                TIM_ICStructInit
                0x08002238                TIM_BDTRStructInit
                0x08002274                TIM_Cmd
                0x080022b4                TIM_CtrlPWMOutputs
                0x08002300                TIM_ITConfig
                0x08002348                TIM_GenerateEvent
                0x08002364                TIM_DMAConfig
                0x0800238c                TIM_DMACmd
                0x080023d4                TIM_InternalClockConfig
                0x080023f8                TIM_ITRxExternalClockConfig
                0x08002424                TIM_TIxExternalClockConfig
                0x08002484                TIM_ETRClockMode1Config
                0x080024e0                TIM_ETRClockMode2Config
                0x0800251c                TIM_ETRConfig
                0x08002570                TIM_PrescalerConfig
                0x08002598                TIM_CounterModeConfig
                0x080025d0                TIM_SelectInputTrigger
                0x08002608                TIM_EncoderInterfaceConfig
                0x080026a0                TIM_ForcedOC1Config
                0x080026d8                TIM_ForcedOC2Config
                0x08002714                TIM_ForcedOC3Config
                0x0800274c                TIM_ForcedOC4Config
                0x08002788                TIM_ARRPreloadConfig
                0x080027c8                TIM_SelectCOM
                0x08002808                TIM_SelectCCDMA
                0x08002848                TIM_CCPreloadControl
                0x08002888                TIM_OC1PreloadConfig
                0x080028c0                TIM_OC2PreloadConfig
                0x080028fc                TIM_OC3PreloadConfig
                0x08002934                TIM_OC4PreloadConfig
                0x08002970                TIM_OC1FastConfig
                0x080029a8                TIM_OC2FastConfig
                0x080029e4                TIM_OC3FastConfig
                0x08002a1c                TIM_OC4FastConfig
                0x08002a58                TIM_ClearOC1Ref
                0x08002a90                TIM_ClearOC2Ref
                0x08002acc                TIM_ClearOC3Ref
                0x08002b04                TIM_ClearOC4Ref
                0x08002b40                TIM_OC1PolarityConfig
                0x08002b78                TIM_OC1NPolarityConfig
                0x08002bb0                TIM_OC2PolarityConfig
                0x08002bec                TIM_OC2NPolarityConfig
                0x08002c28                TIM_OC3PolarityConfig
                0x08002c64                TIM_OC3NPolarityConfig
                0x08002ca0                TIM_OC4PolarityConfig
                0x08002cdc                TIM_CCxCmd
                0x08002d30                TIM_CCxNCmd
                0x08002d84                TIM_SelectOCxM
                0x08002e30                TIM_UpdateDisableConfig
                0x08002e70                TIM_UpdateRequestConfig
                0x08002eb0                TIM_SelectHallSensor
                0x08002ef0                TIM_SelectOnePulseMode
                0x08002f28                TIM_SelectOutputTrigger
                0x08002f60                TIM_SelectSlaveMode
                0x08002f98                TIM_SelectMasterSlaveMode
                0x08002fd0                TIM_SetCounter
                0x08002fec                TIM_SetAutoreload
                0x08003008                TIM_SetCompare1
                0x08003024                TIM_SetCompare2
                0x08003040                TIM_SetCompare3
                0x0800305c                TIM_SetCompare4
                0x0800307c                TIM_SetIC1Prescaler
                0x080030b4                TIM_SetIC2Prescaler
                0x080030f0                TIM_SetIC3Prescaler
                0x08003128                TIM_SetIC4Prescaler
                0x08003164                TIM_SetClockDivision
                0x0800319c                TIM_GetCapture1
                0x080031b8                TIM_GetCapture2
                0x080031d4                TIM_GetCapture3
                0x080031f0                TIM_GetCapture4
                0x0800320c                TIM_GetCounter
                0x08003228                TIM_GetPrescaler
                0x08003244                TIM_GetFlagStatus
                0x0800327c                TIM_ClearFlag
                0x0800329c                TIM_GetITStatus
                0x080032f0                TIM_ClearITPendingBit
 .text          0x080036c8       0x4c ..\obj\APBClocks.o
                0x080036c8                initializeAPB
 .text          0x08003714      0x908 ..\obj\stm32f10x_usart.o
                0x08003714                USART_DeInit
                0x080037cc                USART_Init
                0x08003940                USART_StructInit
                0x08003978                USART_ClockInit
                0x080039d0                USART_ClockStructInit
                0x080039fc                USART_Cmd
                0x08003a3c                USART_ITConfig
                0x08003acc                USART_DMACmd
                0x08003b14                USART_SetAddress
                0x08003b4c                USART_WakeUpConfig
                0x08003b84                USART_ReceiverWakeUpCmd
                0x08003bc4                USART_LINBreakDetectLengthConfig
                0x08003bfc                USART_LINCmd
                0x08003c3c                USART_SendData
                0x08003c60                USART_ReceiveData
                0x08003c80                USART_SendBreak
                0x08003ca4                USART_SetGuardTime
                0x08003ce0                USART_SetPrescaler
                0x08003d18                USART_SmartCardCmd
                0x08003d58                USART_SmartCardNACKCmd
                0x08003d98                USART_HalfDuplexCmd
                0x08003dd8                USART_OverSampling8Cmd
                0x08003e1c                USART_OneBitMethodCmd
                0x08003e5c                USART_IrDAConfig
                0x08003e94                USART_IrDACmd
                0x08003ed4                USART_GetFlagStatus
                0x08003f0c                USART_ClearFlag
                0x08003f2c                USART_GetITStatus
                0x08003fe4                USART_ClearITPendingBit
 .text          0x0800401c       0xcc ..\obj\SysTick.o
                0x080040b4                initializeSysTick
                0x080040cc                SysTick_Handler
 .text          0x080040e8       0x20 ..\obj\main.o
                0x080040e8                main
 .text.startup.register_fini
                0x08004108       0x14 d:/programs/gnu tools arm embedded/4.9 2015q1/bin/../lib/gcc/arm-none-eabi/4.9.3/../../../../arm-none-eabi/lib/armv7-m\libg.a(lib_a-__call_atexit.o)
 .text.atexit   0x0800411c        0xc d:/programs/gnu tools arm embedded/4.9 2015q1/bin/../lib/gcc/arm-none-eabi/4.9.3/../../../../arm-none-eabi/lib/armv7-m\libg.a(lib_a-atexit.o)
                0x0800411c                atexit
 .text.__libc_fini_array
                0x08004128       0x2c d:/programs/gnu tools arm embedded/4.9 2015q1/bin/../lib/gcc/arm-none-eabi/4.9.3/../../../../arm-none-eabi/lib/armv7-m\libg.a(lib_a-fini.o)
                0x08004128                __libc_fini_array
 .text.__register_exitproc
                0x08004154       0xa4 d:/programs/gnu tools arm embedded/4.9 2015q1/bin/../lib/gcc/arm-none-eabi/4.9.3/../../../../arm-none-eabi/lib/armv7-m\libg.a(lib_a-__atexit.o)
                0x08004154                __register_exitproc
 *(.init)
 .init          0x080041f8        0x4 d:/programs/gnu tools arm embedded/4.9 2015q1/bin/../lib/gcc/arm-none-eabi/4.9.3/armv7-m/crti.o
                0x080041f8                _init
 .init          0x080041fc        0x8 d:/programs/gnu tools arm embedded/4.9 2015q1/bin/../lib/gcc/arm-none-eabi/4.9.3/armv7-m/crtn.o
 *(.fini)
 .fini          0x08004204        0x4 d:/programs/gnu tools arm embedded/4.9 2015q1/bin/../lib/gcc/arm-none-eabi/4.9.3/armv7-m/crti.o
                0x08004204                _fini
 .fini          0x08004208        0x8 d:/programs/gnu tools arm embedded/4.9 2015q1/bin/../lib/gcc/arm-none-eabi/4.9.3/armv7-m/crtn.o
 *crtbegin.o(.ctors)
 *crtbegin?.o(.ctors)
 *(EXCLUDE_FILE(*crtend.o *crtend?.o) .ctors)
 *(SORT(.ctors.*))
 *(.ctors)
 *crtbegin.o(.dtors)
 *crtbegin?.o(.dtors)
 *(EXCLUDE_FILE(*crtend.o *crtend?.o) .dtors)
 *(SORT(.dtors.*))
 *(.dtors)
 *(.rodata*)
 .rodata        0x08004210        0xc ..\obj\USART.o
 .rodata.str1.4
                0x0800421c        0x4 d:/programs/gnu tools arm embedded/4.9 2015q1/bin/../lib/gcc/arm-none-eabi/4.9.3/../../../../arm-none-eabi/lib/armv7-m\libg.a(lib_a-impure.o)
 .rodata._global_impure_ptr
                0x08004220        0x4 d:/programs/gnu tools arm embedded/4.9 2015q1/bin/../lib/gcc/arm-none-eabi/4.9.3/../../../../arm-none-eabi/lib/armv7-m\libg.a(lib_a-impure.o)
                0x08004220                _global_impure_ptr
 *(.eh_fram e*)

.eh_frame       0x08004224        0x0
 .eh_frame      0x08004224        0x0 d:/programs/gnu tools arm embedded/4.9 2015q1/bin/../lib/gcc/arm-none-eabi/4.9.3/armv7-m/crtbegin.o

.glue_7         0x08004224        0x0
 .glue_7        0x00000000        0x0 linker stubs

.glue_7t        0x08004224        0x0
 .glue_7t       0x00000000        0x0 linker stubs

.vfp11_veneer   0x08004224        0x0
 .vfp11_veneer  0x00000000        0x0 linker stubs

.v4_bx          0x08004224        0x0
 .v4_bx         0x00000000        0x0 linker stubs

.iplt           0x08004224        0x0
 .iplt          0x00000000        0x0 d:/programs/gnu tools arm embedded/4.9 2015q1/bin/../lib/gcc/arm-none-eabi/4.9.3/armv7-m/crtbegin.o

.rel.dyn        0x08004224        0x0
 .rel.iplt      0x00000000        0x0 d:/programs/gnu tools arm embedded/4.9 2015q1/bin/../lib/gcc/arm-none-eabi/4.9.3/armv7-m/crtbegin.o

.ARM.extab
 *(.ARM.extab* .gnu.linkonce.armextab.*)
                0x08004224                __exidx_start = .

.ARM.exidx
 *(.ARM.exidx* .gnu.linkonce.armexidx.*)
                0x08004224                __exidx_end = .
                0x08004224                __etext = .
                0x08004224                _sidata = __etext

.data           0x20000000      0x460 load address 0x08004224
                0x20000000                __data_start__ = .
                0x20000000                _sdata = __data_start__
 *(vtable)
 *(.data*)
 .data          0x20000000       0x14 ..\obj\stm32f10x_rcc.o
 .data          0x20000014       0x14 ..\obj\system_stm32f10x.o
                0x20000014                SystemCoreClock
                0x20000018                AHBPrescTable
 .data.impure_data
                0x20000028      0x428 d:/programs/gnu tools arm embedded/4.9 2015q1/bin/../lib/gcc/arm-none-eabi/4.9.3/../../../../arm-none-eabi/lib/armv7-m\libg.a(lib_a-impure.o)
                0x20000450                . = ALIGN (0x4)
                0x20000450                PROVIDE (__preinit_array_start, .)
 *(.preinit_array)
                0x20000450                PROVIDE (__preinit_array_end, .)
                0x20000450                . = ALIGN (0x4)
                0x20000450                PROVIDE (__init_array_start, .)
 *(SORT(.init_array.*))
 .init_array.00000
                0x20000450        0x4 d:/programs/gnu tools arm embedded/4.9 2015q1/bin/../lib/gcc/arm-none-eabi/4.9.3/../../../../arm-none-eabi/lib/armv7-m\libg.a(lib_a-__call_atexit.o)
 *(.init_array)
 .init_array    0x20000454        0x4 d:/programs/gnu tools arm embedded/4.9 2015q1/bin/../lib/gcc/arm-none-eabi/4.9.3/armv7-m/crtbegin.o
                0x20000458                PROVIDE (__init_array_end, .)
                0x20000458                . = ALIGN (0x4)
                0x20000458                PROVIDE (__fini_array_start, .)
 *(SORT(.fini_array.*))
 *(.fini_array)
 .fini_array    0x20000458        0x4 d:/programs/gnu tools arm embedded/4.9 2015q1/bin/../lib/gcc/arm-none-eabi/4.9.3/armv7-m/crtbegin.o
                0x2000045c                PROVIDE (__fini_array_end, .)
 *(.jcr*)
 .jcr           0x2000045c        0x0 d:/programs/gnu tools arm embedded/4.9 2015q1/bin/../lib/gcc/arm-none-eabi/4.9.3/armv7-m/crtbegin.o
 .jcr           0x2000045c        0x4 d:/programs/gnu tools arm embedded/4.9 2015q1/bin/../lib/gcc/arm-none-eabi/4.9.3/armv7-m/crtend.o
                0x20000460                . = ALIGN (0x4)
                0x20000460                __data_end__ = .
                0x20000460                _edata = __data_end__

.igot.plt       0x20000460        0x0 load address 0x08004684
 .igot.plt      0x00000000        0x0 d:/programs/gnu tools arm embedded/4.9 2015q1/bin/../lib/gcc/arm-none-eabi/4.9.3/armv7-m/crtbegin.o

.bss            0x20000460       0x20 load address 0x08004684
                0x20000460                . = ALIGN (0x4)
                0x20000460                __bss_start__ = .
                0x20000460                _sbss = __bss_start__
 *(.bss*)
 .bss           0x20000460       0x1c d:/programs/gnu tools arm embedded/4.9 2015q1/bin/../lib/gcc/arm-none-eabi/4.9.3/armv7-m/crtbegin.o
 .bss           0x2000047c        0x1 ..\obj\motor.o
                0x2000047c                servoPWM
 *(COMMON)
                0x20000480                . = ALIGN (0x4)
 *fill*         0x2000047d        0x3 
                0x20000480                __bss_end__ = .
                0x20000480                _ebss = __bss_end__

.heap           0x20000480        0x0
                0x20000480                __end__ = .
                0x20000480                _end = __end__
                0x20000480                end = __end__
 *(.heap*)
                0x20000480                __HeapLimit = .

.co_stack       0x20000480        0x0
                0x20000480                . = ALIGN (0x8)
 *(.co_stack .co_stack.*)
                0x20005000                __StackTop = (ORIGIN (ram) + 0x5000)
                0x20005000                __StackLimit = (__StackTop - SIZEOF (.co_stack))
                0x20005000                PROVIDE (__stack, __StackTop)
                0x00000001                ASSERT ((__StackLimit >= __HeapLimit), region ram  overflowed with stack)
LOAD ..\obj\LED.o
LOAD ..\obj\NVIC.o
LOAD ..\obj\stm32f10x_fsmc.o
LOAD ..\obj\stm32f10x_gpio.o
LOAD ..\obj\stm32f10x_rcc.o
LOAD ..\obj\stm32f10x_dma.o
LOAD ..\obj\stm32f10x_sdio.o
LOAD ..\obj\misc.o
LOAD ..\obj\stm32f10x_pwr.o
LOAD ..\obj\stm32f10x_i2c.o
LOAD ..\obj\stm32f10x_dbgmcu.o
LOAD ..\obj\startup_stm32f10x_md.o
LOAD ..\obj\stm32f10x_cec.o
LOAD ..\obj\system_stm32f10x.o
LOAD ..\obj\USART.o
LOAD ..\obj\stm32f10x_bkp.o
LOAD ..\obj\stm32f10x_can.o
LOAD ..\obj\stm32f10x_flash.o
LOAD ..\obj\syscalls.o
LOAD ..\obj\stm32f10x_spi.o
LOAD ..\obj\stm32f10x_iwdg.o
LOAD ..\obj\stm32f10x_wwdg.o
LOAD ..\obj\motor.o
LOAD ..\obj\stm32f10x_tim.o
LOAD ..\obj\APBClocks.o
LOAD ..\obj\stm32f10x_rtc.o
LOAD ..\obj\stm32f10x_usart.o
LOAD ..\obj\stm32f10x_crc.o
LOAD ..\obj\stm32f10x_adc.o
LOAD ..\obj\SysTick.o
LOAD ..\obj\stm32f10x_exti.o
LOAD ..\obj\stm32f10x_dac.o
LOAD ..\obj\main.o
START GROUP
LOAD d:/programs/gnu tools arm embedded/4.9 2015q1/bin/../lib/gcc/arm-none-eabi/4.9.3/armv7-m\libgcc.a
LOAD d:/programs/gnu tools arm embedded/4.9 2015q1/bin/../lib/gcc/arm-none-eabi/4.9.3/../../../../arm-none-eabi/lib/armv7-m\libg.a
LOAD d:/programs/gnu tools arm embedded/4.9 2015q1/bin/../lib/gcc/arm-none-eabi/4.9.3/../../../../arm-none-eabi/lib/armv7-m\libc.a
END GROUP
LOAD d:/programs/gnu tools arm embedded/4.9 2015q1/bin/../lib/gcc/arm-none-eabi/4.9.3/armv7-m/crtend.o
LOAD d:/programs/gnu tools arm embedded/4.9 2015q1/bin/../lib/gcc/arm-none-eabi/4.9.3/armv7-m/crtn.o
OUTPUT(TheReaper.elf elf32-littlearm)

.ARM.attributes
                0x00000000       0x29
 .ARM.attributes
                0x00000000       0x1d d:/programs/gnu tools arm embedded/4.9 2015q1/bin/../lib/gcc/arm-none-eabi/4.9.3/armv7-m/crti.o
 .ARM.attributes
                0x0000001d       0x2d d:/programs/gnu tools arm embedded/4.9 2015q1/bin/../lib/gcc/arm-none-eabi/4.9.3/armv7-m/crtbegin.o
 .ARM.attributes
                0x0000004a       0x33 ..\obj\LED.o
 .ARM.attributes
                0x0000007d       0x33 ..\obj\NVIC.o
 .ARM.attributes
                0x000000b0       0x33 ..\obj\stm32f10x_gpio.o
 .ARM.attributes
                0x000000e3       0x33 ..\obj\stm32f10x_rcc.o
 .ARM.attributes
                0x00000116       0x33 ..\obj\misc.o
 .ARM.attributes
                0x00000149       0x21 ..\obj\startup_stm32f10x_md.o
 .ARM.attributes
                0x0000016a       0x33 ..\obj\system_stm32f10x.o
 .ARM.attributes
                0x0000019d       0x33 ..\obj\USART.o
 .ARM.attributes
                0x000001d0       0x33 ..\obj\motor.o
 .ARM.attributes
                0x00000203       0x33 ..\obj\stm32f10x_tim.o
 .ARM.attributes
                0x00000236       0x33 ..\obj\APBClocks.o
 .ARM.attributes
                0x00000269       0x33 ..\obj\stm32f10x_usart.o
 .ARM.attributes
                0x0000029c       0x33 ..\obj\SysTick.o
 .ARM.attributes
                0x000002cf       0x33 ..\obj\main.o
 .ARM.attributes
                0x00000302       0x2d d:/programs/gnu tools arm embedded/4.9 2015q1/bin/../lib/gcc/arm-none-eabi/4.9.3/../../../../arm-none-eabi/lib/armv7-m\libg.a(lib_a-impure.o)
 .ARM.attributes
                0x0000032f       0x2d d:/programs/gnu tools arm embedded/4.9 2015q1/bin/../lib/gcc/arm-none-eabi/4.9.3/../../../../arm-none-eabi/lib/armv7-m\libg.a(lib_a-__call_atexit.o)
 .ARM.attributes
                0x0000035c       0x2d d:/programs/gnu tools arm embedded/4.9 2015q1/bin/../lib/gcc/arm-none-eabi/4.9.3/../../../../arm-none-eabi/lib/armv7-m\libg.a(lib_a-atexit.o)
 .ARM.attributes
                0x00000389       0x2d d:/programs/gnu tools arm embedded/4.9 2015q1/bin/../lib/gcc/arm-none-eabi/4.9.3/../../../../arm-none-eabi/lib/armv7-m\libg.a(lib_a-fini.o)
 .ARM.attributes
                0x000003b6       0x2d d:/programs/gnu tools arm embedded/4.9 2015q1/bin/../lib/gcc/arm-none-eabi/4.9.3/../../../../arm-none-eabi/lib/armv7-m\libg.a(lib_a-__atexit.o)
 .ARM.attributes
                0x000003e3       0x2d d:/programs/gnu tools arm embedded/4.9 2015q1/bin/../lib/gcc/arm-none-eabi/4.9.3/armv7-m/crtend.o
 .ARM.attributes
                0x00000410       0x1d d:/programs/gnu tools arm embedded/4.9 2015q1/bin/../lib/gcc/arm-none-eabi/4.9.3/armv7-m/crtn.o

.comment        0x00000000       0x70
 .comment       0x00000000       0x70 ..\obj\LED.o
                                 0x71 (size before relaxing)
 .comment       0x00000000       0x71 ..\obj\NVIC.o
 .comment       0x00000000       0x71 ..\obj\stm32f10x_gpio.o
 .comment       0x00000000       0x71 ..\obj\stm32f10x_rcc.o
 .comment       0x00000000       0x71 ..\obj\misc.o
 .comment       0x00000000       0x71 ..\obj\system_stm32f10x.o
 .comment       0x00000000       0x71 ..\obj\USART.o
 .comment       0x00000000       0x71 ..\obj\motor.o
 .comment       0x00000000       0x71 ..\obj\stm32f10x_tim.o
 .comment       0x00000000       0x71 ..\obj\APBClocks.o
 .comment       0x00000000       0x71 ..\obj\stm32f10x_usart.o
 .comment       0x00000000       0x71 ..\obj\SysTick.o
 .comment       0x00000000       0x71 ..\obj\main.o

.debug_info     0x00000000     0x5a3e
 .debug_info    0x00000000      0x216 ..\obj\LED.o
 .debug_info    0x00000216      0x2a4 ..\obj\NVIC.o
 .debug_info    0x000004ba      0x6e7 ..\obj\stm32f10x_gpio.o
 .debug_info    0x00000ba1      0x88d ..\obj\stm32f10x_rcc.o
 .debug_info    0x0000142e      0x53d ..\obj\misc.o
 .debug_info    0x0000196b       0xd7 ..\obj\startup_stm32f10x_md.o
 .debug_info    0x00001a42      0x479 ..\obj\system_stm32f10x.o
 .debug_info    0x00001ebb      0x906 ..\obj\USART.o
 .debug_info    0x000027c1      0x47f ..\obj\motor.o
 .debug_info    0x00002c40     0x1c58 ..\obj\stm32f10x_tim.o
 .debug_info    0x00004898       0xd3 ..\obj\APBClocks.o
 .debug_info    0x0000496b      0x9e8 ..\obj\stm32f10x_usart.o
 .debug_info    0x00005353      0x635 ..\obj\SysTick.o
 .debug_info    0x00005988       0xb6 ..\obj\main.o

.debug_abbrev   0x00000000     0x101c
 .debug_abbrev  0x00000000       0xe0 ..\obj\LED.o
 .debug_abbrev  0x000000e0       0xc4 ..\obj\NVIC.o
 .debug_abbrev  0x000001a4      0x1c8 ..\obj\stm32f10x_gpio.o
 .debug_abbrev  0x0000036c      0x1ba ..\obj\stm32f10x_rcc.o
 .debug_abbrev  0x00000526      0x145 ..\obj\misc.o
 .debug_abbrev  0x0000066b       0x12 ..\obj\startup_stm32f10x_md.o
 .debug_abbrev  0x0000067d      0x14c ..\obj\system_stm32f10x.o
 .debug_abbrev  0x000007c9      0x1ee ..\obj\USART.o
 .debug_abbrev  0x000009b7      0x116 ..\obj\motor.o
 .debug_abbrev  0x00000acd      0x1b0 ..\obj\stm32f10x_tim.o
 .debug_abbrev  0x00000c7d       0x79 ..\obj\APBClocks.o
 .debug_abbrev  0x00000cf6      0x162 ..\obj\stm32f10x_usart.o
 .debug_abbrev  0x00000e58      0x15b ..\obj\SysTick.o
 .debug_abbrev  0x00000fb3       0x69 ..\obj\main.o

.debug_aranges  0x00000000      0x1c8
 .debug_aranges
                0x00000000       0x20 ..\obj\LED.o
 .debug_aranges
                0x00000020       0x20 ..\obj\NVIC.o
 .debug_aranges
                0x00000040       0x20 ..\obj\stm32f10x_gpio.o
 .debug_aranges
                0x00000060       0x20 ..\obj\stm32f10x_rcc.o
 .debug_aranges
                0x00000080       0x20 ..\obj\misc.o
 .debug_aranges
                0x000000a0       0x28 ..\obj\startup_stm32f10x_md.o
 .debug_aranges
                0x000000c8       0x20 ..\obj\system_stm32f10x.o
 .debug_aranges
                0x000000e8       0x20 ..\obj\USART.o
 .debug_aranges
                0x00000108       0x20 ..\obj\motor.o
 .debug_aranges
                0x00000128       0x20 ..\obj\stm32f10x_tim.o
 .debug_aranges
                0x00000148       0x20 ..\obj\APBClocks.o
 .debug_aranges
                0x00000168       0x20 ..\obj\stm32f10x_usart.o
 .debug_aranges
                0x00000188       0x20 ..\obj\SysTick.o
 .debug_aranges
                0x000001a8       0x20 ..\obj\main.o

.debug_line     0x00000000     0x2201
 .debug_line    0x00000000      0x20e ..\obj\LED.o
 .debug_line    0x0000020e      0x1f4 ..\obj\NVIC.o
 .debug_line    0x00000402      0x2af ..\obj\stm32f10x_gpio.o
 .debug_line    0x000006b1      0x30b ..\obj\stm32f10x_rcc.o
 .debug_line    0x000009bc      0x1e9 ..\obj\misc.o
 .debug_line    0x00000ba5       0xd0 ..\obj\startup_stm32f10x_md.o
 .debug_line    0x00000c75      0x232 ..\obj\system_stm32f10x.o
 .debug_line    0x00000ea7      0x2b2 ..\obj\USART.o
 .debug_line    0x00001159      0x212 ..\obj\motor.o
 .debug_line    0x0000136b      0x61c ..\obj\stm32f10x_tim.o
 .debug_line    0x00001987      0x1ec ..\obj\APBClocks.o
 .debug_line    0x00001b73      0x306 ..\obj\stm32f10x_usart.o
 .debug_line    0x00001e79      0x206 ..\obj\SysTick.o
 .debug_line    0x0000207f      0x182 ..\obj\main.o

.debug_str      0x00000000     0x22a4
 .debug_str     0x00000000      0x28c ..\obj\LED.o
                                0x2df (size before relaxing)
 .debug_str     0x0000028c      0x3b4 ..\obj\NVIC.o
                                0x52d (size before relaxing)
 .debug_str     0x00000640      0x2b0 ..\obj\stm32f10x_gpio.o
                                0x53b (size before relaxing)
 .debug_str     0x000008f0      0x47f ..\obj\stm32f10x_rcc.o
                                0x63c (size before relaxing)
 .debug_str     0x00000d6f      0x202 ..\obj\misc.o
                                0x3e0 (size before relaxing)
 .debug_str     0x00000f71       0xe2 ..\obj\system_stm32f10x.o
                                0x312 (size before relaxing)
 .debug_str     0x00001053      0x22d ..\obj\USART.o
                                0x81e (size before relaxing)
 .debug_str     0x00001280       0x66 ..\obj\motor.o
                                0x43b (size before relaxing)
 .debug_str     0x000012e6      0xaf5 ..\obj\stm32f10x_tim.o
                                0xdff (size before relaxing)
 .debug_str     0x00001ddb       0x44 ..\obj\APBClocks.o
                                0x17c (size before relaxing)
 .debug_str     0x00001e1f      0x3cf ..\obj\stm32f10x_usart.o
                                0x6b2 (size before relaxing)
 .debug_str     0x000021ee       0x7c ..\obj\SysTick.o
                                0x5d6 (size before relaxing)
 .debug_str     0x0000226a       0x3a ..\obj\main.o
                                0x192 (size before relaxing)

.debug_frame    0x00000000     0x1f54
 .debug_frame   0x00000000       0x34 ..\obj\LED.o
 .debug_frame   0x00000034       0x34 ..\obj\NVIC.o
 .debug_frame   0x00000068      0x2d0 ..\obj\stm32f10x_gpio.o
 .debug_frame   0x00000338      0x4f4 ..\obj\stm32f10x_rcc.o
 .debug_frame   0x0000082c       0xd8 ..\obj\misc.o
 .debug_frame   0x00000904       0x98 ..\obj\system_stm32f10x.o
 .debug_frame   0x0000099c       0xe0 ..\obj\USART.o
 .debug_frame   0x00000a7c       0x54 ..\obj\motor.o
 .debug_frame   0x00000ad0      0xe2c ..\obj\stm32f10x_tim.o
 .debug_frame   0x000018fc       0x2c ..\obj\APBClocks.o
 .debug_frame   0x00001928      0x490 ..\obj\stm32f10x_usart.o
 .debug_frame   0x00001db8       0x98 ..\obj\SysTick.o
 .debug_frame   0x00001e50       0x2c ..\obj\main.o
 .debug_frame   0x00001e7c       0x50 d:/programs/gnu tools arm embedded/4.9 2015q1/bin/../lib/gcc/arm-none-eabi/4.9.3/../../../../arm-none-eabi/lib/armv7-m\libg.a(lib_a-__call_atexit.o)
 .debug_frame   0x00001ecc       0x20 d:/programs/gnu tools arm embedded/4.9 2015q1/bin/../lib/gcc/arm-none-eabi/4.9.3/../../../../arm-none-eabi/lib/armv7-m\libg.a(lib_a-atexit.o)
 .debug_frame   0x00001eec       0x34 d:/programs/gnu tools arm embedded/4.9 2015q1/bin/../lib/gcc/arm-none-eabi/4.9.3/../../../../arm-none-eabi/lib/armv7-m\libg.a(lib_a-fini.o)
 .debug_frame   0x00001f20       0x34 d:/programs/gnu tools arm embedded/4.9 2015q1/bin/../lib/gcc/arm-none-eabi/4.9.3/../../../../arm-none-eabi/lib/armv7-m\libg.a(lib_a-__atexit.o)

.debug_ranges   0x00000000       0x20
 .debug_ranges  0x00000000       0x20 ..\obj\startup_stm32f10x_md.o
